// Jest Snapshot v1, https://goo.gl/fbAQLP

exports[`CourseTable displays table and button when not blacklisted 1`] = `
<PageContainer
  className=""
  wide={true}
>
  <HelmetWrapper
    defer={true}
    encodeSpecialCharacters={true}
  >
    <title>
      Publisher | edX
    </title>
    <link
      href="https://edx-cdn.org/v3/default/favicon.ico"
      rel="shortcut icon"
      type="image/x-icon"
    />
  </HelmetWrapper>
  <div
    className="row"
  >
    <div
      className="width-percent-44 px-3 float-left"
    >
      <StateManager
        closeMenuOnSelect={false}
        defaultInputValue=""
        defaultMenuIsOpen={false}
        defaultValue={null}
        isMulti={true}
        maxMenuHeight="30vh"
        onChange={[Function]}
        options={
          [
            {
              "label": "Course Run Statuses",
              "options": [
                {
                  "color": "#e7e7e7",
                  "label": "In review",
                  "value": "in_review",
                },
                {
                  "color": "#008100",
                  "label": "Published",
                  "value": "published",
                },
                {
                  "color": "#0075b4",
                  "label": "Scheduled",
                  "value": "reviewed",
                },
                {
                  "color": "#E2C018",
                  "label": "Unsubmitted",
                  "value": "unsubmitted",
                },
                {
                  "color": "#454545",
                  "label": "Archived",
                  "value": "archived",
                },
              ],
            },
          ]
        }
        placeholder="Filters..."
        styles={
          {
            "multiValue": [Function],
            "multiValueLabel": [Function],
            "option": [Function],
          }
        }
        value={[]}
      />
    </div>
    <div
      className="width-percent-44 px-3 float-left"
    >
      <SearchField
        buttonText="search"
        disabled={false}
        icons={
          {
            "clear": <withDeprecatedProps(Icon)
              src={[Function]}
            />,
            "submit": <withDeprecatedProps(Icon)
              src={[Function]}
            />,
          }
        }
        inputProps={{}}
        onBlur={[Function]}
        onChange={[Function]}
        onClear={[Function]}
        onFocus={[Function]}
        onSubmit={[Function]}
        placeholder="Search"
        screenReaderText={
          {
            "clearButton": "clear search",
            "label": "search",
            "submitButton": "submit search",
          }
        }
        submitButtonLocation="internal"
        value=""
        variant="light"
      />
    </div>
    <div
      className="width-percent-12 px-3 float-right"
    >
      <ButtonToolbar
        className="mb-3"
        leftJustify={false}
        rightJustify={true}
      >
        <Link
          to="/courses/new"
        >
          <button
            className="btn btn-primary"
            type="button"
          >
            New course
          </button>
        </Link>
      </ButtonToolbar>
    </div>
  </div>
  <Connect(WrappedComponent)
    className="courses"
    columns={
      [
        {
          "Header": "Course name",
          "accessor": "title",
          "disableSortBy": false,
          "key": "title",
        },
        {
          "Header": "Course number",
          "accessor": "number",
          "disableSortBy": false,
          "key": "number",
        },
        {
          "Header": "States",
          "accessor": "course_run_statuses",
          "disableSortBy": true,
          "key": "course_run_statuses",
        },
        {
          "Header": "Course editors",
          "accessor": "course_editor_names",
          "disableSortBy": true,
          "key": "course_editor_names",
        },
      ]
    }
    formatData={[Function]}
    tableSortable={true}
  />
</PageContainer>
`;

exports[`CourseTable displays table and button when user has no orgs 1`] = `
<PageContainer
  className=""
  wide={true}
>
  <HelmetWrapper
    defer={true}
    encodeSpecialCharacters={true}
  >
    <title>
      Publisher | edX
    </title>
    <link
      href="https://edx-cdn.org/v3/default/favicon.ico"
      rel="shortcut icon"
      type="image/x-icon"
    />
  </HelmetWrapper>
  <div
    className="row"
  >
    <div
      className="width-percent-44 px-3 float-left"
    >
      <StateManager
        closeMenuOnSelect={false}
        defaultInputValue=""
        defaultMenuIsOpen={false}
        defaultValue={null}
        isMulti={true}
        maxMenuHeight="30vh"
        onChange={[Function]}
        options={
          [
            {
              "label": "Course Run Statuses",
              "options": [
                {
                  "color": "#e7e7e7",
                  "label": "In review",
                  "value": "in_review",
                },
                {
                  "color": "#008100",
                  "label": "Published",
                  "value": "published",
                },
                {
                  "color": "#0075b4",
                  "label": "Scheduled",
                  "value": "reviewed",
                },
                {
                  "color": "#E2C018",
                  "label": "Unsubmitted",
                  "value": "unsubmitted",
                },
                {
                  "color": "#454545",
                  "label": "Archived",
                  "value": "archived",
                },
              ],
            },
          ]
        }
        placeholder="Filters..."
        styles={
          {
            "multiValue": [Function],
            "multiValueLabel": [Function],
            "option": [Function],
          }
        }
        value={[]}
      />
    </div>
    <div
      className="width-percent-44 px-3 float-left"
    >
      <SearchField
        buttonText="search"
        disabled={false}
        icons={
          {
            "clear": <withDeprecatedProps(Icon)
              src={[Function]}
            />,
            "submit": <withDeprecatedProps(Icon)
              src={[Function]}
            />,
          }
        }
        inputProps={{}}
        onBlur={[Function]}
        onChange={[Function]}
        onClear={[Function]}
        onFocus={[Function]}
        onSubmit={[Function]}
        placeholder="Search"
        screenReaderText={
          {
            "clearButton": "clear search",
            "label": "search",
            "submitButton": "submit search",
          }
        }
        submitButtonLocation="internal"
        value=""
        variant="light"
      />
    </div>
    <div
      className="width-percent-12 px-3 float-right"
    >
      <ButtonToolbar
        className="mb-3"
        leftJustify={false}
        rightJustify={true}
      >
        <Link
          to="/courses/new"
        >
          <button
            className="btn btn-primary"
            type="button"
          >
            New course
          </button>
        </Link>
      </ButtonToolbar>
    </div>
  </div>
  <Connect(WrappedComponent)
    className="courses"
    columns={
      [
        {
          "Header": "Course name",
          "accessor": "title",
          "disableSortBy": false,
          "key": "title",
        },
        {
          "Header": "Course number",
          "accessor": "number",
          "disableSortBy": false,
          "key": "number",
        },
        {
          "Header": "States",
          "accessor": "course_run_statuses",
          "disableSortBy": true,
          "key": "course_run_statuses",
        },
        {
          "Header": "Course editors",
          "accessor": "course_editor_names",
          "disableSortBy": true,
          "key": "course_editor_names",
        },
      ]
    }
    formatData={[Function]}
    tableSortable={true}
  />
</PageContainer>
`;

exports[`CourseTable hides table and button when blacklisted 1`] = `
<PageContainer
  className=""
  wide={true}
>
  <HelmetWrapper
    defer={true}
    encodeSpecialCharacters={true}
  >
    <title>
      Publisher | edX
    </title>
    <link
      href="https://edx-cdn.org/v3/default/favicon.ico"
      rel="shortcut icon"
      type="image/x-icon"
    />
  </HelmetWrapper>
  <div
    className="row"
  >
    <div
      className="width-percent-44 px-3 float-left"
    >
      <StateManager
        closeMenuOnSelect={false}
        defaultInputValue=""
        defaultMenuIsOpen={false}
        defaultValue={null}
        isMulti={true}
        maxMenuHeight="30vh"
        onChange={[Function]}
        options={
          [
            {
              "label": "Course Run Statuses",
              "options": [
                {
                  "color": "#e7e7e7",
                  "label": "In review",
                  "value": "in_review",
                },
                {
                  "color": "#008100",
                  "label": "Published",
                  "value": "published",
                },
                {
                  "color": "#0075b4",
                  "label": "Scheduled",
                  "value": "reviewed",
                },
                {
                  "color": "#E2C018",
                  "label": "Unsubmitted",
                  "value": "unsubmitted",
                },
                {
                  "color": "#454545",
                  "label": "Archived",
                  "value": "archived",
                },
              ],
            },
          ]
        }
        placeholder="Filters..."
        styles={
          {
            "multiValue": [Function],
            "multiValueLabel": [Function],
            "option": [Function],
          }
        }
        value={[]}
      />
    </div>
    <div
      className="width-percent-44 px-3 float-left"
    >
      <SearchField
        buttonText="search"
        disabled={false}
        icons={
          {
            "clear": <withDeprecatedProps(Icon)
              src={[Function]}
            />,
            "submit": <withDeprecatedProps(Icon)
              src={[Function]}
            />,
          }
        }
        inputProps={{}}
        onBlur={[Function]}
        onChange={[Function]}
        onClear={[Function]}
        onFocus={[Function]}
        onSubmit={[Function]}
        placeholder="Search"
        screenReaderText={
          {
            "clearButton": "clear search",
            "label": "search",
            "submitButton": "submit search",
          }
        }
        submitButtonLocation="internal"
        value=""
        variant="light"
      />
    </div>
    <div
      className="width-percent-12 px-3 float-right"
    >
      <ButtonToolbar
        className="mb-3"
        leftJustify={false}
        rightJustify={true}
      >
        <Link
          to="/courses/new"
        >
          <button
            className="btn btn-primary"
            type="button"
          >
            New course
          </button>
        </Link>
      </ButtonToolbar>
    </div>
  </div>
  <Connect(WrappedComponent)
    className="courses"
    columns={
      [
        {
          "Header": "Course name",
          "accessor": "title",
          "disableSortBy": false,
          "key": "title",
        },
        {
          "Header": "Course number",
          "accessor": "number",
          "disableSortBy": false,
          "key": "number",
        },
        {
          "Header": "States",
          "accessor": "course_run_statuses",
          "disableSortBy": true,
          "key": "course_run_statuses",
        },
        {
          "Header": "Course editors",
          "accessor": "course_editor_names",
          "disableSortBy": true,
          "key": "course_editor_names",
        },
      ]
    }
    formatData={[Function]}
    tableSortable={true}
  />
</PageContainer>
`;

exports[`CourseTable shows a table 1`] = `
<PageContainer
  className=""
  wide={true}
>
  <HelmetWrapper
    defer={true}
    encodeSpecialCharacters={true}
  >
    <title>
      Publisher | edX
    </title>
    <link
      href="https://edx-cdn.org/v3/default/favicon.ico"
      rel="shortcut icon"
      type="image/x-icon"
    />
  </HelmetWrapper>
  <div
    className="row"
  >
    <div
      className="width-percent-44 px-3 float-left"
    >
      <StateManager
        closeMenuOnSelect={false}
        defaultInputValue=""
        defaultMenuIsOpen={false}
        defaultValue={null}
        isMulti={true}
        maxMenuHeight="30vh"
        onChange={[Function]}
        options={
          [
            {
              "label": "Course Run Statuses",
              "options": [
                {
                  "color": "#e7e7e7",
                  "label": "In review",
                  "value": "in_review",
                },
                {
                  "color": "#008100",
                  "label": "Published",
                  "value": "published",
                },
                {
                  "color": "#0075b4",
                  "label": "Scheduled",
                  "value": "reviewed",
                },
                {
                  "color": "#E2C018",
                  "label": "Unsubmitted",
                  "value": "unsubmitted",
                },
                {
                  "color": "#454545",
                  "label": "Archived",
                  "value": "archived",
                },
              ],
            },
          ]
        }
        placeholder="Filters..."
        styles={
          {
            "multiValue": [Function],
            "multiValueLabel": [Function],
            "option": [Function],
          }
        }
        value={[]}
      />
    </div>
    <div
      className="width-percent-44 px-3 float-left"
    >
      <SearchField
        buttonText="search"
        disabled={false}
        icons={
          {
            "clear": <withDeprecatedProps(Icon)
              src={[Function]}
            />,
            "submit": <withDeprecatedProps(Icon)
              src={[Function]}
            />,
          }
        }
        inputProps={{}}
        onBlur={[Function]}
        onChange={[Function]}
        onClear={[Function]}
        onFocus={[Function]}
        onSubmit={[Function]}
        placeholder="Search"
        screenReaderText={
          {
            "clearButton": "clear search",
            "label": "search",
            "submitButton": "submit search",
          }
        }
        submitButtonLocation="internal"
        value=""
        variant="light"
      />
    </div>
    <div
      className="width-percent-12 px-3 float-right"
    >
      <ButtonToolbar
        className="mb-3"
        leftJustify={false}
        rightJustify={true}
      >
        <Link
          to="/courses/new"
        >
          <button
            className="btn btn-primary"
            type="button"
          >
            New course
          </button>
        </Link>
      </ButtonToolbar>
    </div>
  </div>
  <Connect(WrappedComponent)
    className="courses"
    columns={
      [
        {
          "Header": "Course name",
          "accessor": "title",
          "disableSortBy": false,
          "key": "title",
        },
        {
          "Header": "Course number",
          "accessor": "number",
          "disableSortBy": false,
          "key": "number",
        },
        {
          "Header": "States",
          "accessor": "course_run_statuses",
          "disableSortBy": true,
          "key": "course_run_statuses",
        },
        {
          "Header": "Course editors",
          "accessor": "course_editor_names",
          "disableSortBy": true,
          "key": "course_editor_names",
        },
      ]
    }
    formatData={[Function]}
    tableSortable={true}
  />
</PageContainer>
`;
